15:26:09 **** Incremental Build of configuration Debug for project UART_DMApollingMode ****
make -j8 all 
arm-none-eabi-gcc "../Core/Src/main.c" -mcpu=cortex-m4 -std=gnu11 -g3 -DDEBUG -DUSE_HAL_DRIVER -DSTM32F401xE -c -I../Core/Inc -I../Drivers/STM32F4xx_HAL_Driver/Inc -I../Drivers/STM32F4xx_HAL_Driver/Inc/Legacy -I../Drivers/CMSIS/Device/ST/STM32F4xx/Include -I../Drivers/CMSIS/Include -O0 -ffunction-sections -fdata-sections -Wall -fstack-usage -MMD -MP -MF"Core/Src/main.d" -MT"Core/Src/main.o" --specs=nano.specs -mfpu=fpv4-sp-d16 -mfloat-abi=hard -mthumb -o "Core/Src/main.o"
../Core/Src/main.c: In function 'main':
../Core/Src/main.c:96:83: warning: implicit declaration of function 'strlen' [-Wimplicit-function-declaration]
   96 |   HAL_DMA_Start(&hdma_usart2_tx,  (uint32_t)msg,  (uint32_t)&huart2.Instance->DR, strlen(msg));
      |                                                                                   ^~~~~~
../Core/Src/main.c:96:83: warning: incompatible implicit declaration of built-in function 'strlen'
../Core/Src/main.c:22:1: note: include '<string.h>' or provide a declaration of 'strlen'
   21 | #include "main.h"
  +++ |+#include <string.h>
   22 | 
arm-none-eabi-gcc -o "UART_DMApollingMode.elf" @"objects.list"   -mcpu=cortex-m4 -T"C:\STM32Toolchain\projects\STM32CubeIDE\UART_DMApollingMode\STM32F401RETX_FLASH.ld" --specs=nosys.specs -Wl,-Map="UART_DMApollingMode.map" -Wl,--gc-sections -static --specs=nano.specs -mfpu=fpv4-sp-d16 -mfloat-abi=hard -mthumb -Wl,--start-group -lc -lm -Wl,--end-group
Finished building target: UART_DMApollingMode.elf
 
arm-none-eabi-size   UART_DMApollingMode.elf 
arm-none-eabi-objdump -h -S  UART_DMApollingMode.elf  > "UART_DMApollingMode.list"
arm-none-eabi-objcopy  -O binary  UART_DMApollingMode.elf  "UART_DMApollingMode.bin"
   text	   data	    bss	    dec	    hex	filename
   9828	     24	   1736	  11588	   2d44	UART_DMApollingMode.elf
Finished building: default.size.stdout
 
Finished building: UART_DMApollingMode.bin
 
Finished building: UART_DMApollingMode.list
 
