16:07:16 **** Incremental Build of configuration Release for project UART_pollingMode ****
make -j8 all 
arm-none-eabi-gcc "../Core/Src/main.c" -mcpu=cortex-m4 -std=gnu11 -DUSE_HAL_DRIVER -DSTM32F401xE -c -I../Core/Inc -I../Drivers/STM32F4xx_HAL_Driver/Inc -I../Drivers/STM32F4xx_HAL_Driver/Inc/Legacy -I../Drivers/CMSIS/Device/ST/STM32F4xx/Include -I../Drivers/CMSIS/Include -Os -ffunction-sections -fdata-sections -Wall -fstack-usage -MMD -MP -MF"Core/Src/main.d" -MT"Core/Src/main.o" --specs=nano.specs -mfpu=fpv4-sp-d16 -mfloat-abi=hard -mthumb -o "Core/Src/main.o"
../Core/Src/main.c: In function 'processUserInput':
../Core/Src/main.c:271:43: warning: 'sprintf' may write a terminating nul past the end of the destination [-Wformat-overflow=]
  271 |   sprintf(msg, "\r\nUSER BUTTON status: %s", HAL_GPIO_ReadPin(GPIOC, GPIO_PIN_13) == GPIO_PIN_RESET ? "PRESSED" : "RELEASED");
      |                                           ^
../Core/Src/main.c:271:3: note: 'sprintf' output between 30 and 31 bytes into a destination of size 30
  271 |   sprintf(msg, "\r\nUSER BUTTON status: %s", HAL_GPIO_ReadPin(GPIOC, GPIO_PIN_13) == GPIO_PIN_RESET ? "PRESSED" : "RELEASED");
      |   ^~~~~~~~~~~~~~~~~~~~~~~~~~~~~~~~~~~~~~~~~~~~~~~~~~~~~~~~~~~~~~~~~~~~~~~~~~~~~~~~~~~~~~~~~~~~~~~~~~~~~~~~~~~~~~~~~~~~~~~~~~~
arm-none-eabi-gcc -o "UART_pollingMode.elf" @"objects.list"   -mcpu=cortex-m4 -T"C:\STM32Toolchain\projects\STM32CubeIDE\UART_pollingMode\STM32F401RETX_FLASH.ld" --specs=nosys.specs -Wl,-Map="UART_pollingMode.map" -Wl,--gc-sections -static --specs=nano.specs -mfpu=fpv4-sp-d16 -mfloat-abi=hard -mthumb -Wl,--start-group -lc -lm -Wl,--end-group
Finished building target: UART_pollingMode.elf
 
arm-none-eabi-objdump -h -S  UART_pollingMode.elf  > "UART_pollingMode.list"
arm-none-eabi-objcopy  -O binary  UART_pollingMode.elf  "UART_pollingMode.bin"
arm-none-eabi-size   UART_pollingMode.elf 
   text	   data	    bss	    dec	    hex	filename
   8332	    120	   1664	  10116	   2784	UART_pollingMode.elf
Finished building: default.size.stdout
 
Finished building: UART_pollingMode.bin
 
Finished building: UART_pollingMode.list
 
