11:55:36 **** Incremental Build of configuration Debug for project TIM_DMApollingMode ****
make -j8 all 
arm-none-eabi-gcc "../Core/Src/main.c" -mcpu=cortex-m4 -std=gnu11 -g3 -DDEBUG -DUSE_HAL_DRIVER -DSTM32F401xE -c -I../Core/Inc -I../Drivers/STM32F4xx_HAL_Driver/Inc -I../Drivers/STM32F4xx_HAL_Driver/Inc/Legacy -I../Drivers/CMSIS/Device/ST/STM32F4xx/Include -I../Drivers/CMSIS/Include -O0 -ffunction-sections -fdata-sections -Wall -fstack-usage -MMD -MP -MF"Core/Src/main.d" -MT"Core/Src/main.o" --specs=nano.specs -mfpu=fpv4-sp-d16 -mfloat-abi=hard -mthumb -o "Core/Src/main.o"
arm-none-eabi-gcc -o "TIM_DMApollingMode.elf" @"objects.list"   -mcpu=cortex-m4 -T"C:\STM32Toolchain\projects\STM32CubeIDE\TIM_DMApollingMode\STM32F401RETX_FLASH.ld" --specs=nosys.specs -Wl,-Map="TIM_DMApollingMode.map" -Wl,--gc-sections -static --specs=nano.specs -mfpu=fpv4-sp-d16 -mfloat-abi=hard -mthumb -Wl,--start-group -lc -lm -Wl,--end-group
Finished building target: TIM_DMApollingMode.elf
 
arm-none-eabi-objdump -h -S  TIM_DMApollingMode.elf  > "TIM_DMApollingMode.list"
arm-none-eabi-objcopy  -O binary  TIM_DMApollingMode.elf  "TIM_DMApollingMode.bin"
arm-none-eabi-size   TIM_DMApollingMode.elf 
   text	   data	    bss	    dec	    hex	filename
   9360	     24	   1736	  11120	   2b70	TIM_DMApollingMode.elf
Finished building: default.size.stdout
 
Finished building: TIM_DMApollingMode.list
 
Finished building: TIM_DMApollingMode.bin
 

11:55:37 Build Finished. 0 errors, 0 warnings. (took 902ms)

